exit status: 0
--- stdout ---

            THE LOST AMULET
            ---------------
THE AMULET OF DAWN LIES SOMEWHERE IN THE
RUINED CASTLE. FIND IT AND CARRY IT BACK
TO THE GATEHOUSE. TYPE HELP FOR COMMANDS.

PRESS ANY KEY TO BEGIN.

GATEHOUSE
A CRUMBLING GATEHOUSE. A PATH LEADS NORTH.
EXITS: N

WHAT NOW? HELP
TRY: N S E W, GO NORTH, LOOK, TAKE LAMP, DROP LAMP,
INVENTORY, SAVE, LOAD, QUIT, OR HELP.

WHAT NOW? LOOK

GATEHOUSE
A CRUMBLING GATEHOUSE. A PATH LEADS NORTH.
EXITS: N

WHAT NOW? GO NORTH

COURTYARD
A WEEDY COURTYARD WITH DOORS ALL AROUND.
EXITS: N S E W

WHAT NOW? JUMP
I DON'T KNOW HOW TO JUMP.

WHAT NOW? TAKE LAMP
YOU CAN'T DO THAT YET.

WHAT NOW? QUIT
DO YOU REALLY WANT TO QUIT (Y/N)?

WHAT NOW? QUIT
DO YOU REALLY WANT TO QUIT (Y/N)?

FAREWELL, ADVENTURER.

--- stderr ---
