exit status: 0
--- stdout ---

            THE LOST AMULET
            ---------------
THE AMULET OF DAWN LIES SOMEWHERE IN THE
RUINED CASTLE. FIND IT AND CARRY IT BACK
TO THE GATEHOUSE. TYPE HELP FOR COMMANDS.

PRESS ANY KEY TO BEGIN.

GATEHOUSE
A CRUMBLING GATEHOUSE. A PATH LEADS NORTH.
EXITS: N

WHAT NOW? N

COURTYARD
A WEEDY COURTYARD WITH DOORS ALL AROUND.
EXITS: N S E W

WHAT NOW? W

STABLES
EMPTY STABLES THAT SMELL OF OLD HAY.
EXITS: E
THERE IS A LAMP HERE.

WHAT NOW? TAKE LAMP
TAKEN.

WHAT NOW? INVENTORY
YOU ARE CARRYING:
  LAMP

WHAT NOW? DROP LAMP
DROPPED.

WHAT NOW? LOOK

STABLES
EMPTY STABLES THAT SMELL OF OLD HAY.
EXITS: E
THERE IS A LAMP HERE.

WHAT NOW? TAKE SWORD
I DON'T KNOW WHAT THAT IS.

WHAT NOW? TAKE COIN
I SEE NO COIN HERE.

WHAT NOW? QUIT
DO YOU REALLY WANT TO QUIT (Y/N)?

FAREWELL, ADVENTURER.

--- stderr ---
