exit status: 0
--- stdout ---
              HAMMURABI
RULE THE ANCIENT CITY OF SUMER FOR TEN
YEARS. BUY AND SELL LAND, FEED YOUR
PEOPLE, AND PLANT GRAIN FOR NEXT YEAR.
EACH PERSON EATS 20 BUSHELS A YEAR AND CAN
FARM 10 ACRES; SEED IS HALF A BUSHEL AN ACRE.

PRESS ANY KEY.

HAMMURABI, I BEG TO REPORT THAT IN YEAR 1 
 0 PEOPLE STARVED, AND 5 CAME TO THE CITY.
THE POPULATION IS NOW 100 
THE CITY OWNS 1000 ACRES.
YOU HARVESTED 3 BUSHELS PER ACRE.
RATS ATE 200 BUSHELS.
YOU NOW HAVE 2800 BUSHELS IN STORE.

LAND COSTS 20 BUSHELS PER ACRE.
HOW MANY ACRES WILL YOU BUY? 2800
HAMMURABI, THINK AGAIN. YOU HAVE ONLY 2800 BUSHELS.
HOW MANY ACRES WILL YOU BUY? 0
HOW MANY ACRES WILL YOU SELL? 0
HOW MANY BUSHELS WILL YOU FEED THEM? 2000
HOW MANY ACRES WILL YOU PLANT? 1000

HAMMURABI, I BEG TO REPORT THAT IN YEAR 2 
 0 PEOPLE STARVED, AND 20 CAME TO THE CITY.
THE POPULATION IS NOW 120 
THE CITY OWNS 1000 ACRES.
YOU HARVESTED 2 BUSHELS PER ACRE.
RATS ATE 460 BUSHELS.
YOU NOW HAVE 1840 BUSHELS IN STORE.

LAND COSTS 23 BUSHELS PER ACRE.
HOW MANY ACRES WILL YOU BUY? 0
HOW MANY ACRES WILL YOU SELL? 46
HOW MANY BUSHELS WILL YOU FEED THEM? 2400
HOW MANY ACRES WILL YOU PLANT? 954

HAMMURABI, I BEG TO REPORT THAT IN YEAR 3 
 0 PEOPLE STARVED, AND 11 CAME TO THE CITY.
THE POPULATION IS NOW 131 
THE CITY OWNS 954 ACRES.
YOU HARVESTED 5 BUSHELS PER ACRE.
RATS ATE 57 BUSHELS.
YOU NOW HAVE 4734 BUSHELS IN STORE.

LAND COSTS 24 BUSHELS PER ACRE.
HOW MANY ACRES WILL YOU BUY? 0
HOW MANY ACRES WILL YOU SELL? 0
HOW MANY BUSHELS WILL YOU FEED THEM? 2620
HOW MANY ACRES WILL YOU PLANT? 954

HAMMURABI, I BEG TO REPORT THAT IN YEAR 4 
 0 PEOPLE STARVED, AND 19 CAME TO THE CITY.
A HORRIBLE PLAGUE KILLED HALF THE PEOPLE.
THE POPULATION IS NOW 75 
THE CITY OWNS 954 ACRES.
YOU HARVESTED 3 BUSHELS PER ACRE.
RATS ATE 0 BUSHELS.
YOU NOW HAVE 4499 BUSHELS IN STORE.

LAND COSTS 24 BUSHELS PER ACRE.
HOW MANY ACRES WILL YOU BUY? 0
HOW MANY ACRES WILL YOU SELL? 0
HOW MANY BUSHELS WILL YOU FEED THEM? 1500
HOW MANY ACRES WILL YOU PLANT? 750

HAMMURABI, I BEG TO REPORT THAT IN YEAR 5 
 0 PEOPLE STARVED, AND 19 CAME TO THE CITY.
THE POPULATION IS NOW 94 
THE CITY OWNS 954 ACRES.
YOU HARVESTED 4 BUSHELS PER ACRE.
RATS ATE 0 BUSHELS.
YOU NOW HAVE 5624 BUSHELS IN STORE.

LAND COSTS 24 BUSHELS PER ACRE.
HOW MANY ACRES WILL YOU BUY? 0
HOW MANY ACRES WILL YOU SELL? 0
HOW MANY BUSHELS WILL YOU FEED THEM? 1880
HOW MANY ACRES WILL YOU PLANT? 940

HAMMURABI, I BEG TO REPORT THAT IN YEAR 6 
 0 PEOPLE STARVED, AND 11 CAME TO THE CITY.
THE POPULATION IS NOW 105 
THE CITY OWNS 954 ACRES.
YOU HARVESTED 1 BUSHELS PER ACRE.
RATS ATE 0 BUSHELS.
YOU NOW HAVE 4214 BUSHELS IN STORE.

LAND COSTS 17 BUSHELS PER ACRE.
HOW MANY ACRES WILL YOU BUY? 0
HOW MANY ACRES WILL YOU SELL? 0
HOW MANY BUSHELS WILL YOU FEED THEM? 2100
HOW MANY ACRES WILL YOU PLANT? 954

HAMMURABI, I BEG TO REPORT THAT IN YEAR 7 
 0 PEOPLE STARVED, AND 17 CAME TO THE CITY.
A HORRIBLE PLAGUE KILLED HALF THE PEOPLE.
THE POPULATION IS NOW 61 
THE CITY OWNS 954 ACRES.
YOU HARVESTED 1 BUSHELS PER ACRE.
RATS ATE 0 BUSHELS.
YOU NOW HAVE 2591 BUSHELS IN STORE.

LAND COSTS 26 BUSHELS PER ACRE.
HOW MANY ACRES WILL YOU BUY? 0
HOW MANY ACRES WILL YOU SELL? 0
HOW MANY BUSHELS WILL YOU FEED THEM? 1220
HOW MANY ACRES WILL YOU PLANT? 610

HAMMURABI, I BEG TO REPORT THAT IN YEAR 8 
 0 PEOPLE STARVED, AND 10 CAME TO THE CITY.
THE POPULATION IS NOW 71 
THE CITY OWNS 954 ACRES.
YOU HARVESTED 4 BUSHELS PER ACRE.
RATS ATE 0 BUSHELS.
YOU NOW HAVE 3506 BUSHELS IN STORE.

LAND COSTS 26 BUSHELS PER ACRE.
HOW MANY ACRES WILL YOU BUY? 0
HOW MANY ACRES WILL YOU SELL? 0
HOW MANY BUSHELS WILL YOU FEED THEM? 1420
HOW MANY ACRES WILL YOU PLANT? 710

HAMMURABI, I BEG TO REPORT THAT IN YEAR 9 
 0 PEOPLE STARVED, AND 14 CAME TO THE CITY.
THE POPULATION IS NOW 85 
THE CITY OWNS 954 ACRES.
YOU HARVESTED 1 BUSHELS PER ACRE.
RATS ATE 545 BUSHELS.
YOU NOW HAVE 1896 BUSHELS IN STORE.

LAND COSTS 22 BUSHELS PER ACRE.
HOW MANY ACRES WILL YOU BUY? 0
HOW MANY ACRES WILL YOU SELL? 11
HOW MANY BUSHELS WILL YOU FEED THEM? 1700
HOW MANY ACRES WILL YOU PLANT? 850

HAMMURABI, I BEG TO REPORT THAT IN YEAR 10 
 0 PEOPLE STARVED, AND 16 CAME TO THE CITY.
THE POPULATION IS NOW 101 
THE CITY OWNS 943 ACRES.
YOU HARVESTED 4 BUSHELS PER ACRE.
RATS ATE 351 BUSHELS.
YOU NOW HAVE 3062 BUSHELS IN STORE.

LAND COSTS 26 BUSHELS PER ACRE.
HOW MANY ACRES WILL YOU BUY? 0
HOW MANY ACRES WILL YOU SELL? 0
HOW MANY BUSHELS WILL YOU FEED THEM? 2020
HOW MANY ACRES WILL YOU PLANT? 943

HAMMURABI, I BEG TO REPORT THAT IN YEAR 11 
 0 PEOPLE STARVED, AND 18 CAME TO THE CITY.
THE POPULATION IS NOW 119 
THE CITY OWNS 943 ACRES.
YOU HARVESTED 3 BUSHELS PER ACRE.
RATS ATE 0 BUSHELS.
YOU NOW HAVE 3400 BUSHELS IN STORE.

IN TEN YEARS, 0 PEOPLE STARVED.
YOU LEAVE 7 ACRES FOR EACH PERSON.
THE PEOPLE WILL NOT MISS YOU.

--- stderr ---
